// Jest Snapshot v1, https://goo.gl/fbAQLP

exports[`Context: Rendering render without crashing 1`] = `ShallowWrapper {}`;
